
DevTools listening on ws://127.0.0.1:9333/devtools/browser/b699272e-15d4-460b-ab00-5d66e5983257
[54535:4225539:0804/214937.866711:ERROR:gpu/command_buffer/service/gles2_cmd_decoder_passthrough.cc:1210] []Automatic fallback to software WebGL has been deprecated. Please use the --enable-unsafe-swiftshader flag to opt in to lower security guarantees for trusted content.
[54535:4225539:0804/214937.922992:ERROR:gpu/command_buffer/service/gl_utils.cc:430] [.WebGL-0x12c000e4400]GL Driver Message (OpenGL, Performance, GL_CLOSE_PATH_NV, High): GPU stall due to ReadPixels
[54535:4225539:0804/214937.959806:ERROR:gpu/command_buffer/service/gl_utils.cc:430] [.WebGL-0x12c000e4400]GL Driver Message (OpenGL, Performance, GL_CLOSE_PATH_NV, High): GPU stall due to ReadPixels
Trying to load the allocator multiple times. This is *not* supported.
[54535:4225539:0804/214938.871977:ERROR:gpu/command_buffer/service/gles2_cmd_decoder_passthrough.cc:1210] []Automatic fallback to software WebGL has been deprecated. Please use the --enable-unsafe-swiftshader flag to opt in to lower security guarantees for trusted content.
[54535:4225539:0804/214938.915393:ERROR:gpu/command_buffer/service/gl_utils.cc:430] [.WebGL-0x12c000e4400]GL Driver Message (OpenGL, Performance, GL_CLOSE_PATH_NV, High): GPU stall due to ReadPixels
[54535:4225539:0804/214938.968452:ERROR:gpu/command_buffer/service/gl_utils.cc:430] [.WebGL-0x12c000d9000]GL Driver Message (OpenGL, Performance, GL_CLOSE_PATH_NV, High): GPU stall due to ReadPixels (this message will no longer repeat)
[54511:4225514:0804/214939.599070:ERROR:google_apis/gcm/engine/registration_request.cc:291] Registration response error message: QUOTA_EXCEEDED
Created TensorFlow Lite XNNPACK delegate for CPU.
[54807:4228135:0804/214952.587501:VERBOSE1:chrome/updater/updater.cc:374] Version: 152.0.7933.0, opt, ARM_64, command line: /Users/yeoninair/Library/Application Support/Google/GoogleUpdater/152.0.7933.0/GoogleUpdater.app/Contents/MacOS/GoogleUpdater --wake-all --enable-logging --vmodule=*/components/update_client/*=2,*/chrome/enterprise_companion/*=2,*/chrome/updater/*=2
[54807:4228135:0804/214952.596684:VERBOSE1:chrome/updater/updater.cc:377] OS version: 26.5.1, arch: arm64, System uptime (seconds): 136880, parent pid: 54511
[54807:4228135:0804/214952.603708:VERBOSE1:chrome/updater/updater.cc:382] Available disk space in install directory (/Users/yeoninair/Library/Application Support/Google/GoogleUpdater): 63558918144B (59.194GiB) / 245107195904B (228.274GiB)
[54807:4228135:0804/214952.603804:VERBOSE1:chrome/updater/updater.cc:386] Available disk space in temporary directory (/var/folders/f7/zjblv9h154q9n2tjxfkjhjq00000gn/T/): 63558918144B (59.194GiB) / 245107195904B (228.274GiB)
[54807:4228135:0804/214952.604150:VERBOSE2:chrome/updater/event_history.cc:265] Emitted a UPDATER_PROCESS START event to the history log
[54809:4228148:0804/214952.688511:VERBOSE1:chrome/updater/updater.cc:374] Version: 152.0.7933.0, opt, ARM_64, command line: /Users/yeoninair/Library/Application Support/Google/GoogleUpdater/152.0.7933.0/GoogleUpdater.app/Contents/MacOS/GoogleUpdater --crash-handler --database=/Users/yeoninair/Library/Application Support/Google/GoogleUpdater/152.0.7933.0/Crashpad --url=https://clients2.google.com/cr/report --annotation=prod=Update4 --annotation=ver=152.0.7933.0 --handshake-fd=6 --enable-logging --vmodule=*/components/update_client/*=2,*/chrome/enterprise_companion/*=2,*/chrome/updater/*=2
[54809:4228148:0804/214952.703329:VERBOSE1:chrome/updater/updater.cc:377] OS version: 26.5.1, arch: arm64, System uptime (seconds): 136881, parent pid: 1
[54809:4228148:0804/214952.711991:VERBOSE1:chrome/updater/updater.cc:382] Available disk space in install directory (/Users/yeoninair/Library/Application Support/Google/GoogleUpdater): 63555383296B (59.191GiB) / 245107195904B (228.274GiB)
[54809:4228148:0804/214952.712110:VERBOSE1:chrome/updater/updater.cc:386] Available disk space in temporary directory (/var/folders/f7/zjblv9h154q9n2tjxfkjhjq00000gn/T/): 63555375104B (59.191GiB) / 245107195904B (228.274GiB)
[54809:4228148:0804/214952.712267:VERBOSE2:chrome/updater/event_history.cc:265] Emitted a UPDATER_PROCESS START event to the history log
[54807:4228135:0804/214952.717753:VERBOSE1:chrome/updater/crash_reporter.cc:124] Crash handler launched and ready.
[54807:4228135:0804/214952.725561:VERBOSE1:chrome/updater/crash_client.cc:108] Found 0 completed crash reports
[54807:4228135:0804/214952.726007:VERBOSE1:chrome/updater/crash_client.cc:132] Found 0 pending crash reports
[54807:4228135:0804/214952.726296:ERROR:third_party/crashpad/crashpad/util/file/file_io_posix.cc:145] open /Users/yeoninair/Library/Application Support/Google/RLZ/Crashpad/settings.dat: No such file or directory (2)
[54807:4228135:0804/214952.726340:ERROR:third_party/crashpad/crashpad/util/file/file_io_posix.cc:145] open /Users/yeoninair/Library/Application Support/Google/Chrome for Testing/Crashpad/settings.dat: No such file or directory (2)
[54807:4228135:0804/214952.726880:VERBOSE1:chrome/updater/updater.cc:105] Crash reporting initialized.
[54807:4228166:0804/214952.727602:VERBOSE1:chrome/updater/app/app_wakeall.cc:58] Launching `/Users/yeoninair/Library/Application Support/Google/GoogleUpdater/152.0.7933.0/GoogleUpdater.app/Contents/MacOS/GoogleUpdater --wake`
[54810:4228170:0804/214952.769889:VERBOSE1:chrome/updater/updater.cc:374] Version: 152.0.7933.0, opt, ARM_64, command line: /Users/yeoninair/Library/Application Support/Google/GoogleUpdater/152.0.7933.0/GoogleUpdater.app/Contents/MacOS/GoogleUpdater --wake --enable-logging --vmodule=*/components/update_client/*=2,*/chrome/enterprise_companion/*=2,*/chrome/updater/*=2
[54810:4228170:0804/214952.776159:VERBOSE1:chrome/updater/updater.cc:377] OS version: 26.5.1, arch: arm64, System uptime (seconds): 136881, parent pid: 54807
[54810:4228170:0804/214952.792815:VERBOSE1:chrome/updater/updater.cc:382] Available disk space in install directory (/Users/yeoninair/Library/Application Support/Google/GoogleUpdater): 63558283264B (59.193GiB) / 245107195904B (228.274GiB)
[54810:4228170:0804/214952.793099:VERBOSE1:chrome/updater/updater.cc:386] Available disk space in temporary directory (/var/folders/f7/zjblv9h154q9n2tjxfkjhjq00000gn/T/): 63558283264B (59.193GiB) / 245107195904B (228.274GiB)
[54810:4228170:0804/214952.793196:VERBOSE2:chrome/updater/event_history.cc:265] Emitted a UPDATER_PROCESS START event to the history log
[54814:4228177:0804/214952.936036:VERBOSE1:chrome/updater/updater.cc:374] Version: 152.0.7933.0, opt, ARM_64, command line: /Users/yeoninair/Library/Application Support/Google/GoogleUpdater/152.0.7933.0/GoogleUpdater.app/Contents/MacOS/GoogleUpdater --crash-handler --database=/Users/yeoninair/Library/Application Support/Google/GoogleUpdater/152.0.7933.0/Crashpad --url=https://clients2.google.com/cr/report --annotation=prod=Update4 --annotation=ver=152.0.7933.0 --handshake-fd=6 --enable-logging --vmodule=*/components/update_client/*=2,*/chrome/enterprise_companion/*=2,*/chrome/updater/*=2
[54814:4228177:0804/214952.940242:VERBOSE1:chrome/updater/updater.cc:377] OS version: 26.5.1, arch: arm64, System uptime (seconds): 136881, parent pid: 1
[54814:4228177:0804/214952.946378:VERBOSE1:chrome/updater/updater.cc:382] Available disk space in install directory (/Users/yeoninair/Library/Application Support/Google/GoogleUpdater): 63558275072B (59.193GiB) / 245107195904B (228.274GiB)
[54814:4228177:0804/214952.946408:VERBOSE1:chrome/updater/updater.cc:386] Available disk space in temporary directory (/var/folders/f7/zjblv9h154q9n2tjxfkjhjq00000gn/T/): 63558275072B (59.193GiB) / 245107195904B (228.274GiB)
[54814:4228177:0804/214952.946591:VERBOSE2:chrome/updater/event_history.cc:265] Emitted a UPDATER_PROCESS START event to the history log
[54810:4228170:0804/214952.949156:VERBOSE1:chrome/updater/crash_reporter.cc:124] Crash handler launched and ready.
[54810:4228170:0804/214952.954254:VERBOSE1:chrome/updater/crash_client.cc:108] Found 0 completed crash reports
[54810:4228170:0804/214952.955184:VERBOSE1:chrome/updater/crash_client.cc:132] Found 0 pending crash reports
[54810:4228170:0804/214952.955425:ERROR:third_party/crashpad/crashpad/util/file/file_io_posix.cc:145] open /Users/yeoninair/Library/Application Support/Google/RLZ/Crashpad/settings.dat: No such file or directory (2)
[54810:4228170:0804/214952.955512:ERROR:third_party/crashpad/crashpad/util/file/file_io_posix.cc:145] open /Users/yeoninair/Library/Application Support/Google/Chrome for Testing/Crashpad/settings.dat: No such file or directory (2)
[54810:4228170:0804/214952.955885:VERBOSE1:chrome/updater/updater.cc:105] Crash reporting initialized.
[54810:4228170:0804/214952.956407:VERBOSE1:chrome/updater/ipc/update_service_internal_proxy_mojo.cc:61] Run
[54810:4228170:0804/215009.642919:VERBOSE1:chrome/updater/app/app.cc:52] Shutdown: 0
[54810:4228170:0804/215009.644109:VERBOSE2:chrome/updater/event_history.cc:265] Emitted a UPDATER_PROCESS END event to the history log
[54810:4228170:0804/215009.644184:VERBOSE1:chrome/updater/updater.cc:419] UpdaterMain (--wake) returned 0.
[54807:4228166:0804/215009.655424:VERBOSE1:chrome/updater/app/app_wakeall.cc:68] `/Users/yeoninair/Library/Application Support/Google/GoogleUpdater/152.0.7933.0/GoogleUpdater.app/Contents/MacOS/GoogleUpdater --wake` exited 0
[54807:4228135:0804/215009.655811:VERBOSE1:chrome/updater/app/app.cc:52] Shutdown: 0
[54807:4228135:0804/215009.656279:VERBOSE2:chrome/updater/event_history.cc:265] Emitted a UPDATER_PROCESS END event to the history log
[54807:4228135:0804/215009.656321:VERBOSE1:chrome/updater/updater.cc:419] UpdaterMain (--wake-all) returned 0.
[54814:4228177:0804/215019.652737:VERBOSE2:chrome/updater/event_history.cc:265] Emitted a UPDATER_PROCESS END event to the history log
[54814:4228177:0804/215019.652797:VERBOSE1:chrome/updater/updater.cc:419] UpdaterMain (--crash-handler) returned 0.
[54809:4228148:0804/215019.654261:VERBOSE2:chrome/updater/event_history.cc:265] Emitted a UPDATER_PROCESS END event to the history log
[54809:4228148:0804/215019.654446:VERBOSE1:chrome/updater/updater.cc:419] UpdaterMain (--crash-handler) returned 0.
[54511:4225538:0804/215034.927556:ERROR:base/process/process_mac.cc:53] task_policy_set TASK_CATEGORY_POLICY: (os/kern) invalid argument (4)
[54511:4225538:0804/215034.927667:ERROR:base/process/process_mac.cc:98] task_policy_set TASK_SUPPRESSION_POLICY: (os/kern) invalid argument (4)
